// Jest Snapshot v1, https://goo.gl/fbAQLP

exports[`PizzaSearch should render PizzaSearch 1`] = `
ShallowWrapper {
  "complexSelector": ComplexSelector {
    "buildPredicate": [Function],
    "childrenOfNode": [Function],
    "findWhereUnwrapped": [Function],
  },
  "length": 1,
  "node": <div>
    <h2>
        NYC Pizza Reviews
    </h2>
    <input
        onChange={[Function]}
        value=""
    />
    <input
        onChange={[Function]}
        type="number"
        value={5}
    />
    <button
        onClick={[Function]}
    >
        Get Reviews
    </button>
    
</div>,
  "nodes": Array [
    <div>
      <h2>
            NYC Pizza Reviews
      </h2>
      <input
            onChange={[Function]}
            value=""
      />
      <input
            onChange={[Function]}
            type="number"
            value={5}
      />
      <button
            onClick={[Function]}
      >
            Get Reviews
      </button>
      
</div>,
  ],
  "options": Object {},
  "renderer": ReactShallowRenderer {
    "_instance": ShallowComponentWrapper {
      "_calledComponentWillUnmount": false,
      "_compositeType": 0,
      "_context": Object {},
      "_currentElement": <PizzaSearch />,
      "_debugID": 1,
      "_hostContainerInfo": null,
      "_hostParent": null,
      "_instance": PizzaSearch {
        "_reactInternalInstance": [Circular],
        "context": Object {},
        "getReviews": [Function],
        "handleInput": [Function],
        "handleNumericInput": [Function],
        "handleSearch": [Function],
        "props": Object {},
        "refs": Object {},
        "state": Object {
          "averageRating": "",
          "restaurant": "",
          "restaurantSearch": "",
          "reviewCount": 5,
          "reviews": Array [],
        },
        "updater": Object {
          "enqueueCallback": [Function],
          "enqueueCallbackInternal": [Function],
          "enqueueElementInternal": [Function],
          "enqueueForceUpdate": [Function],
          "enqueueReplaceState": [Function],
          "enqueueSetState": [Function],
          "isMounted": [Function],
          "validateCallback": [Function],
        },
      },
      "_mountOrder": 1,
      "_pendingCallbacks": null,
      "_pendingElement": null,
      "_pendingForceUpdate": false,
      "_pendingReplaceState": false,
      "_pendingStateQueue": null,
      "_renderedComponent": NoopInternalComponent {
        "_currentElement": <div>
          <h2>
                    NYC Pizza Reviews
          </h2>
          <input
                    onChange={[Function]}
                    value=""
          />
          <input
                    onChange={[Function]}
                    type="number"
                    value={5}
          />
          <button
                    onClick={[Function]}
          >
                    Get Reviews
          </button>
          
</div>,
        "_debugID": 2,
        "_renderedOutput": <div>
          <h2>
                    NYC Pizza Reviews
          </h2>
          <input
                    onChange={[Function]}
                    value=""
          />
          <input
                    onChange={[Function]}
                    type="number"
                    value={5}
          />
          <button
                    onClick={[Function]}
          >
                    Get Reviews
          </button>
          
</div>,
      },
      "_renderedNodeType": 0,
      "_rootNodeID": 0,
      "_topLevelWrapper": null,
      "_updateBatchNumber": null,
      "_warnedAboutRefsInRender": false,
    },
    "getRenderOutput": [Function],
    "render": [Function],
  },
  "root": [Circular],
  "unrendered": <PizzaSearch />,
}
`;
